[backblue.gif]
[fade.gif]
[index.html]
[ajeer-documents.ddns.net/img/ww.png]
[www.w3schools.com/w3css/4/w3.css]
[kit.fontawesome.com/a538ef76bd.js]
[ajeer-documents.ddns.net/img/logo.png]
[ajeer-documents.ddns.net/img/Ajer1_1.jpg]
[ajeer-documents.ddns.net/img/Ajer2_2.jpg]
[ajeer-documents.ddns.net/img/Ajer3_3.jpg]
[ajeer-documents.ddns.net/img/Ajer4_4.jpg]
[ajeer-documents.ddns.net/img/Ajer5_5.jpg]
[ajeer-documents.ddns.net/img/minster.png]
[ajeer-documents.ddns.net/img/takamo.png]
[ajeer-documents.ddns.net/img/Tamken.png]
[ajeer-documents.ddns.net/img/roya.png]
[ajeer-documents.ddns.net/img/footerLogo.png]
[ajeer-documents.ddns.net/javascript/loading.js]
[ajeer-documents.ddns.net/javascript/sideBar.js]
[ajeer-documents.ddns.net/javascript/slideShowImage.js]
[ajeer-documents.ddns.net/javascript/stop.js]
[ajeer-documents.ddns.net/Homes.html]
[www.w3schools.com/w3css/4/w3.css]
[ajeer-documents.ddns.net/img/bg.png]
[ajeer-documents.ddns.net/Asset/style.css]
[ajeer-documents.ddns.net/Asset/w3.css]
[ajeer-documents.ddns.net/contactus.html]
[ajeer-documents.ddns.net/aboutUs.html]
[ajeer-documents.ddns.net/termsAndCondition.html]
[ajeer-documents.ddns.net/img/Ajer6.html]
[ajeer-documents.ddns.net/img/hiring.svg]
[ajeer-documents.ddns.net/img/laborers.svg]
[ajeer-documents.ddns.net/img/hand_coin.svg]
[ajeer-documents.ddns.net/img/files.svg]
[ajeer-documents.ddns.net/main.html]
[ajeer-documents.ddns.net/img/green-landing.svg]
[ajeer-documents.ddns.net/contactus-2.html]
